// Vitest Snapshot v1, https://vitest.dev/guide/snapshot.html

exports[`snapshot de regresión general > resumen del estado en ticks de referencia coincide con el baseline versionado 1`] = `
{
  "1": {
    "asentamientos": [
      {
        "edificios": {
          "centroUrbano:activo": 1,
          "granja:activo": 1,
          "lenera:en_cola": 1,
          "vivienda:activo": 3,
        },
        "escuadrones": 0,
        "medidorMantenimiento": 100,
        "nivel": 1,
        "poblacion": {
          "artesanos": 0,
          "nobleza": 0,
          "pesants": 22,
        },
        "recursosClave": [
          {
            "cantidad": 40,
            "recurso": "madera",
          },
          {
            "cantidad": 20,
            "recurso": "piedra",
          },
          {
            "cantidad": 108.5,
            "recurso": "trigo",
          },
          {
            "cantidad": 0,
            "recurso": "cobre",
          },
          {
            "cantidad": 0,
            "recurso": "estano",
          },
          {
            "cantidad": 100,
            "recurso": "oro",
          },
          {
            "cantidad": 0,
            "recurso": "livestock",
          },
        ],
      },
    ],
    "facciones": [
      {
        "nivel": 1,
        "reputacion": 0,
      },
      {
        "nivel": 1,
        "reputacion": 0,
      },
      {
        "nivel": 1,
        "reputacion": 0,
      },
    ],
  },
  "10": {
    "asentamientos": [
      {
        "edificios": {
          "centroUrbano:activo": 1,
          "granja:activo": 1,
          "lenera:activo": 1,
          "vivienda:activo": 3,
        },
        "escuadrones": 0,
        "medidorMantenimiento": 100,
        "nivel": 1,
        "poblacion": {
          "artesanos": 0,
          "nobleza": 0,
          "pesants": 34,
        },
        "recursosClave": [
          {
            "cantidad": 60.87,
            "recurso": "madera",
          },
          {
            "cantidad": 20,
            "recurso": "piedra",
          },
          {
            "cantidad": 178.62,
            "recurso": "trigo",
          },
          {
            "cantidad": 0,
            "recurso": "cobre",
          },
          {
            "cantidad": 0,
            "recurso": "estano",
          },
          {
            "cantidad": 100,
            "recurso": "oro",
          },
          {
            "cantidad": 0,
            "recurso": "livestock",
          },
        ],
      },
    ],
    "facciones": [
      {
        "nivel": 1,
        "reputacion": 0,
      },
      {
        "nivel": 1,
        "reputacion": 0,
      },
      {
        "nivel": 1,
        "reputacion": 0,
      },
    ],
  },
  "100": {
    "asentamientos": [
      {
        "edificios": {
          "centroUrbano:activo": 1,
          "granja:activo": 4,
          "lenera:activo": 1,
          "vivienda:activo": 13,
        },
        "escuadrones": 0,
        "medidorMantenimiento": 100,
        "nivel": 1,
        "poblacion": {
          "artesanos": 0,
          "nobleza": 0,
          "pesants": 167,
        },
        "recursosClave": [
          {
            "cantidad": 96.95,
            "recurso": "madera",
          },
          {
            "cantidad": 20,
            "recurso": "piedra",
          },
          {
            "cantidad": 183.6,
            "recurso": "trigo",
          },
          {
            "cantidad": 0,
            "recurso": "cobre",
          },
          {
            "cantidad": 0,
            "recurso": "estano",
          },
          {
            "cantidad": 100,
            "recurso": "oro",
          },
          {
            "cantidad": 0,
            "recurso": "livestock",
          },
        ],
      },
    ],
    "facciones": [
      {
        "nivel": 2,
        "reputacion": 0,
      },
      {
        "nivel": 1,
        "reputacion": 0,
      },
      {
        "nivel": 1,
        "reputacion": 0,
      },
    ],
  },
  "25": {
    "asentamientos": [
      {
        "edificios": {
          "centroUrbano:activo": 1,
          "granja:activo": 1,
          "lenera:activo": 1,
          "vivienda:activo": 4,
        },
        "escuadrones": 0,
        "medidorMantenimiento": 100,
        "nivel": 1,
        "poblacion": {
          "artesanos": 0,
          "nobleza": 0,
          "pesants": 48,
        },
        "recursosClave": [
          {
            "cantidad": 113.5,
            "recurso": "madera",
          },
          {
            "cantidad": 20,
            "recurso": "piedra",
          },
          {
            "cantidad": 195.3,
            "recurso": "trigo",
          },
          {
            "cantidad": 0,
            "recurso": "cobre",
          },
          {
            "cantidad": 0,
            "recurso": "estano",
          },
          {
            "cantidad": 100,
            "recurso": "oro",
          },
          {
            "cantidad": 0,
            "recurso": "livestock",
          },
        ],
      },
    ],
    "facciones": [
      {
        "nivel": 1,
        "reputacion": 0,
      },
      {
        "nivel": 1,
        "reputacion": 0,
      },
      {
        "nivel": 1,
        "reputacion": 0,
      },
    ],
  },
  "50": {
    "asentamientos": [
      {
        "edificios": {
          "centroUrbano:activo": 1,
          "granja:activo": 1,
          "lenera:activo": 1,
          "vivienda:activo": 6,
          "vivienda:en_construccion": 1,
        },
        "escuadrones": 0,
        "medidorMantenimiento": 100,
        "nivel": 1,
        "poblacion": {
          "artesanos": 0,
          "nobleza": 0,
          "pesants": 81,
        },
        "recursosClave": [
          {
            "cantidad": 187.87,
            "recurso": "madera",
          },
          {
            "cantidad": 20,
            "recurso": "piedra",
          },
          {
            "cantidad": 192,
            "recurso": "trigo",
          },
          {
            "cantidad": 0,
            "recurso": "cobre",
          },
          {
            "cantidad": 0,
            "recurso": "estano",
          },
          {
            "cantidad": 100,
            "recurso": "oro",
          },
          {
            "cantidad": 0,
            "recurso": "livestock",
          },
        ],
      },
    ],
    "facciones": [
      {
        "nivel": 2,
        "reputacion": 0,
      },
      {
        "nivel": 1,
        "reputacion": 0,
      },
      {
        "nivel": 1,
        "reputacion": 0,
      },
    ],
  },
}
`;
